---end scope---
arg INT -1
line 6: identifier func is already defined
