---end scope---
param1 INT -1
---end scope---
Program has no 'void main()' function
