---end scope---
param1 INT -1
---end scope---
param2 INT -1
Program has no 'void main()' function
