---end scope---
hw3 INT -1
---end scope---
t INT 1
---end scope---
---end scope---
t INT 1
---end scope---
line 20: type mismatch
