---end scope---
param1 INT -1
---end scope---
param1 INT -1
param2 INT -2
---end scope---
param1 INT -1
param2 INT -2
param3 BOOL -3
param4 INT 0
---end scope---
---end scope---
y INT 4
---end scope---
line 31: unexpected break statement
