---end scope---
line 12: variable y is not defined
