---end scope---
param1 INT -1
---end scope---
param1 INT -1
param2 INT -2
line 11: prototype mismatch, function func1 expects arguments (INT)
