---end scope---
---end scope---
x INT 0
Bro BYTE 1
Bro2 INT 2
Bro3 BYTE 3
---end scope---
print (STRING)->VOID 0
printi (INT)->VOID 0
printOK ()->VOID 0
main ()->VOID 0
