---end scope---
param1 INT -1
---end scope---
param1 INT -1
param2 INT -2
---end scope---
y INT 2
---end scope---
---end scope---
x1 INT 0
x2 INT 1
x5 INT 2
line 25: prototype mismatch, function func1 expects arguments (INT)
