---end scope---
---end scope---
---end scope---
---end scope---
---end scope---
main INT -1
killSwitch BOOL -2
---end scope---
---end scope---
print (STRING)->VOID 0
printi (INT)->VOID 0
mainFunc (INT,BOOL)->INT 0
main ()->VOID 0
