---end scope---
line 7: variable func is not defined
