---end scope---
param1 INT -1
arg2 INT -2
---end scope---
---end scope---
print (STRING)->VOID 0
printi (INT)->VOID 0
func (INT,INT)->INT 0
main ()->VOID 0
