---end scope---
---end scope---
---end scope---
---end scope---
---end scope---
x1 BOOL -1
x2 BOOL -2
line 22: variable func is not defined
