---end scope---
---end scope---
---end scope---
---end scope---
---end scope---
x1 BOOL -1
x2 BOOL -2
---end scope---
---end scope---
x1 BOOL -1
x2 BOOL -2
---end scope---
x1 BOOL -1
x2 BOOL -2
x INT 0
y BYTE 1
---end scope---
x1 BOOL -1
x2 BOOL -2
---end scope---
x1 BOOL -1
x2 BOOL -2
line 48: type mismatch
