---end scope---
---end scope---
---end scope---
---end scope---
---end scope---
x1 BOOL -1
x2 BOOL -2
line 23: prototype mismatch, function qwr expects arguments (BOOL,BOOL)
