line 2: prototype mismatch, function print expects arguments (STRING)
