---end scope---
---end scope---
---end scope---
---end scope---
---end scope---
x1 BOOL -1
x2 BOOL -2
---end scope---
---end scope---
x1 BOOL -1
x2 BOOL -2
---end scope---
x1 BOOL -1
x2 BOOL -2
x INT 0
y BYTE 1
---end scope---
x1 BOOL -1
x2 BOOL -2
x0 BYTE -3
x3 INT 0
x4 INT 1
x5 INT 2
x6 INT 3
x7 INT 4
x8 INT 5
x9 INT 6
xa INT 7
xb INT 8
xc INT 9
xd INT 10
xe INT 11
xf INT 12
x86 INT 13
---end scope---
x1 BOOL -1
x2 BOOL -2
---end scope---
x1 BOOL -1
x2 BOOL -2
---end scope---
print (STRING)->VOID 0
printi (INT)->VOID 0
func ()->INT 0
ags ()->INT 0
zxvc ()->INT 0
sdg ()->INT 0
qwr (BOOL,BOOL)->INT 0
main ()->VOID 0
sdfa4 (BOOL,BOOL)->BOOL 0
nbfdrct (BOOL,BOOL)->VOID 0
cwrvsgdhs (BOOL,BOOL,BYTE)->INT 0
ytyjbd (BOOL,BOOL)->INT 0
afsdtv (BOOL,BOOL)->INT 0
