---end scope---
---end scope---
---end scope---
---end scope---
x INT 0
y INT 1
XplusY INT 2
XdivY INT 3
XeqY BOOL 4
XgtY BOOL 5
XltY BOOL 6
xneY BOOL 7
---end scope---
print (STRING)->VOID 0
printi (INT)->VOID 0
getInput ()->INT 0
main ()->VOID 0
