---end scope---
---end scope---
---end scope---
---end scope---
---end scope---
line 36: variable XneY is not defined
