---end scope---
one INT -1
two INT -2
line 13: identifier print is already defined
