---end scope---
---end scope---
---end scope---
---end scope---
---end scope---
---end scope---
line 24: type mismatch
