---end scope---
y BYTE 0
hi BOOL 1
bb BOOL 2
---end scope---
line 13: type mismatch
