---end scope---
hi1 BOOL 0
hi2 BOOL 1
---end scope---
print (STRING)->VOID 0
printi (INT)->VOID 0
main ()->VOID 0
