---end scope---
---end scope---
isOk BOOL -1
---end scope---
x INT -1
line 16: syntax error
