---end scope---
---end scope---
line 11: identifier main is already defined
